matches the committed Deployment snapshot:
  1: |
    apiVersion: v1
    data:
      LOG_LEVEL: info
      SERVER.HOST: 0.0.0.0
      SERVER.PORT: "8080"
      WEBHOOK.PATHS: null
      WEBHOOK.TARGET_BASE: https://example.invalid
    kind: ConfigMap
    metadata:
      labels:
        app.kubernetes.io/instance: RELEASE-NAME
        app.kubernetes.io/managed-by: Helm
        app.kubernetes.io/name: cloudflare-access-webhook-redirect
        app.kubernetes.io/version: v0.3.21
        helm.sh/chart: cloudflare-access-webhook-redirect-3.0.0
      name: RELEASE-NAME-cloudflare-access-webhook-redirect
      namespace: NAMESPACE
  2: |
    apiVersion: apps/v1
    kind: Deployment
    metadata:
      labels:
        app.kubernetes.io/instance: RELEASE-NAME
        app.kubernetes.io/managed-by: Helm
        app.kubernetes.io/name: cloudflare-access-webhook-redirect
        app.kubernetes.io/version: v0.3.21
        helm.sh/chart: cloudflare-access-webhook-redirect-3.0.0
      name: RELEASE-NAME-cloudflare-access-webhook-redirect
      namespace: NAMESPACE
    spec:
      replicas: 1
      revisionHistoryLimit: 3
      selector:
        matchLabels:
          app.kubernetes.io/instance: RELEASE-NAME
          app.kubernetes.io/name: cloudflare-access-webhook-redirect
      template:
        metadata:
          annotations:
            checksum/configmap: ef5f72b54178ba13ca6d4e482b2ad65d79e79456740a8345f125088f47777d13
          labels:
            app.kubernetes.io/instance: RELEASE-NAME
            app.kubernetes.io/managed-by: Helm
            app.kubernetes.io/name: cloudflare-access-webhook-redirect
            app.kubernetes.io/version: v0.3.21
        spec:
          automountServiceAccountToken: false
          containers:
            - env:
                - name: CLOUDFLARE.CLIENT_ID
                  valueFrom:
                    secretKeyRef:
                      key: client_id
                      name: RELEASE-NAME-cloudflare-access-webhook-redirect
                - name: CLOUDFLARE.CLIENT_SECRET
                  valueFrom:
                    secretKeyRef:
                      key: client_secret
                      name: RELEASE-NAME-cloudflare-access-webhook-redirect
              envFrom:
                - configMapRef:
                    name: RELEASE-NAME-cloudflare-access-webhook-redirect
              image: timmi6790/cloudflare-access-webhook-redirect:v0.3.21@sha256:e5607cedf22b71b8835146aaa1c3e274102888d3d85890224ace3bf088aa646a
              imagePullPolicy: IfNotPresent
              livenessProbe:
                failureThreshold: 3
                httpGet:
                  path: /health
                  port: http
                initialDelaySeconds: 10
                periodSeconds: 10
                timeoutSeconds: 5
              name: cloudflare-access-webhook-redirect
              ports:
                - containerPort: 8080
                  name: http
                  protocol: TCP
              readinessProbe:
                failureThreshold: 3
                httpGet:
                  path: /health
                  port: http
                initialDelaySeconds: 5
                periodSeconds: 5
                timeoutSeconds: 3
              resources:
                limits:
                  cpu: 100m
                  memory: 50Mi
                requests:
                  cpu: 10m
                  memory: 35Mi
              securityContext:
                allowPrivilegeEscalation: false
                capabilities:
                  drop:
                    - ALL
                privileged: false
                readOnlyRootFilesystem: true
                runAsNonRoot: true
              startupProbe:
                failureThreshold: 30
                httpGet:
                  path: /health
                  port: http
                initialDelaySeconds: 2
                periodSeconds: 5
                timeoutSeconds: 3
              volumeMounts:
                - mountPath: /tmp
                  name: tmp
          securityContext:
            fsGroup: 10001
            fsGroupChangePolicy: OnRootMismatch
            runAsGroup: 10001
            runAsNonRoot: true
            runAsUser: 10001
            seccompProfile:
              type: RuntimeDefault
          serviceAccountName: RELEASE-NAME-cloudflare-access-webhook-redirect
          terminationGracePeriodSeconds: 30
          volumes:
            - emptyDir: {}
              name: tmp
matches the committed Deployment snapshot with network policies and probes on:
  1: |
    apiVersion: v1
    data:
      LOG_LEVEL: info
      SERVER.HOST: 0.0.0.0
      SERVER.PORT: "8080"
      WEBHOOK.PATHS: null
      WEBHOOK.TARGET_BASE: https://example.invalid
    kind: ConfigMap
    metadata:
      labels:
        app.kubernetes.io/instance: RELEASE-NAME
        app.kubernetes.io/managed-by: Helm
        app.kubernetes.io/name: cloudflare-access-webhook-redirect
        app.kubernetes.io/version: v0.3.21
        helm.sh/chart: cloudflare-access-webhook-redirect-3.0.0
      name: RELEASE-NAME-cloudflare-access-webhook-redirect
      namespace: NAMESPACE
  2: |
    apiVersion: apps/v1
    kind: Deployment
    metadata:
      labels:
        app.kubernetes.io/instance: RELEASE-NAME
        app.kubernetes.io/managed-by: Helm
        app.kubernetes.io/name: cloudflare-access-webhook-redirect
        app.kubernetes.io/version: v0.3.21
        helm.sh/chart: cloudflare-access-webhook-redirect-3.0.0
      name: RELEASE-NAME-cloudflare-access-webhook-redirect
      namespace: NAMESPACE
    spec:
      replicas: 1
      revisionHistoryLimit: 3
      selector:
        matchLabels:
          app.kubernetes.io/instance: RELEASE-NAME
          app.kubernetes.io/name: cloudflare-access-webhook-redirect
      template:
        metadata:
          annotations:
            checksum/configmap: ef5f72b54178ba13ca6d4e482b2ad65d79e79456740a8345f125088f47777d13
          labels:
            app.kubernetes.io/instance: RELEASE-NAME
            app.kubernetes.io/managed-by: Helm
            app.kubernetes.io/name: cloudflare-access-webhook-redirect
            app.kubernetes.io/version: v0.3.21
        spec:
          affinity:
            podAntiAffinity:
              preferredDuringSchedulingIgnoredDuringExecution:
                - podAffinityTerm:
                    labelSelector:
                      matchLabels:
                        app.kubernetes.io/instance: RELEASE-NAME
                        app.kubernetes.io/name: cloudflare-access-webhook-redirect
                    topologyKey: kubernetes.io/hostname
                  weight: 100
          automountServiceAccountToken: false
          containers:
            - env:
                - name: CLOUDFLARE.CLIENT_ID
                  valueFrom:
                    secretKeyRef:
                      key: client_id
                      name: RELEASE-NAME-cloudflare-access-webhook-redirect
                - name: CLOUDFLARE.CLIENT_SECRET
                  valueFrom:
                    secretKeyRef:
                      key: client_secret
                      name: RELEASE-NAME-cloudflare-access-webhook-redirect
              envFrom:
                - configMapRef:
                    name: RELEASE-NAME-cloudflare-access-webhook-redirect
              image: timmi6790/cloudflare-access-webhook-redirect:v0.3.21@sha256:e5607cedf22b71b8835146aaa1c3e274102888d3d85890224ace3bf088aa646a
              imagePullPolicy: IfNotPresent
              livenessProbe:
                failureThreshold: 3
                httpGet:
                  path: /health
                  port: http
                initialDelaySeconds: 10
                periodSeconds: 10
                timeoutSeconds: 5
              name: cloudflare-access-webhook-redirect
              ports:
                - containerPort: 8080
                  name: http
                  protocol: TCP
              readinessProbe:
                failureThreshold: 3
                httpGet:
                  path: /health
                  port: http
                initialDelaySeconds: 5
                periodSeconds: 5
                timeoutSeconds: 3
              resources:
                limits:
                  cpu: 100m
                  memory: 50Mi
                requests:
                  cpu: 10m
                  memory: 35Mi
              securityContext:
                allowPrivilegeEscalation: false
                capabilities:
                  drop:
                    - ALL
                privileged: false
                readOnlyRootFilesystem: true
                runAsNonRoot: true
              startupProbe:
                failureThreshold: 30
                httpGet:
                  path: /health
                  port: http
                initialDelaySeconds: 2
                periodSeconds: 5
                timeoutSeconds: 3
              volumeMounts:
                - mountPath: /tmp
                  name: tmp
          nodeSelector:
            kubernetes.io/os: linux
          securityContext:
            fsGroup: 10001
            fsGroupChangePolicy: OnRootMismatch
            runAsGroup: 10001
            runAsNonRoot: true
            runAsUser: 10001
            seccompProfile:
              type: RuntimeDefault
          serviceAccountName: RELEASE-NAME-cloudflare-access-webhook-redirect
          terminationGracePeriodSeconds: 30
          volumes:
            - emptyDir: {}
              name: tmp
