matches the committed Deployment snapshot:
  1: |
    apiVersion: v1
    data:
      config.toml: |
        [assets]
        dist_dir = "public"

        [csp]
        hash_inline_scripts = true

        [csp.cloudflare]
        script_nonce = true
        turnstile = false
        web_analytics = false

        [isr]
        cache_dir = "/tmp/isr"
        ttl_secs = 0
    kind: ConfigMap
    metadata:
      labels:
        app.kubernetes.io/instance: RELEASE-NAME
        app.kubernetes.io/managed-by: Helm
        app.kubernetes.io/name: portfolio
        app.kubernetes.io/version: 0.0.0
        helm.sh/chart: portfolio-0.0.0
      name: RELEASE-NAME-portfolio
      namespace: NAMESPACE
  2: |
    apiVersion: apps/v1
    kind: Deployment
    metadata:
      labels:
        app.kubernetes.io/instance: RELEASE-NAME
        app.kubernetes.io/managed-by: Helm
        app.kubernetes.io/name: portfolio
        app.kubernetes.io/version: 0.0.0
        helm.sh/chart: portfolio-0.0.0
      name: RELEASE-NAME-portfolio
      namespace: NAMESPACE
    spec:
      replicas: 1
      revisionHistoryLimit: 3
      selector:
        matchLabels:
          app.kubernetes.io/instance: RELEASE-NAME
          app.kubernetes.io/name: portfolio
      template:
        metadata:
          annotations:
            checksum/configmap: 968ae17c11854c685e53a10c9d2a4fc04ec39a69cde248e46feaa908b9ead7d2
          labels:
            app.kubernetes.io/instance: RELEASE-NAME
            app.kubernetes.io/managed-by: Helm
            app.kubernetes.io/name: portfolio
            app.kubernetes.io/version: 0.0.0
        spec:
          automountServiceAccountToken: false
          containers:
            - env:
                - name: PORT
                  value: "8080"
                - name: IP
                  value: 0.0.0.0
                - name: RUST_LOG
                  value: info
                - name: PORTFOLIO_CONFIG
                  value: /etc/portfolio/config
                - name: PORTFOLIO_ISR__CACHE_DIR
                  value: /tmp/isr
              image: timschoenle/portfolio:v0.0.0@sha256:0000000000000000000000000000000000000000000000000000000000000000
              imagePullPolicy: IfNotPresent
              livenessProbe:
                failureThreshold: 3
                httpGet:
                  path: /api/health
                  port: http
                initialDelaySeconds: 1
                periodSeconds: 10
                timeoutSeconds: 5
              name: portfolio
              ports:
                - containerPort: 8080
                  name: http
                  protocol: TCP
              readinessProbe:
                failureThreshold: 3
                httpGet:
                  path: /api/health
                  port: http
                initialDelaySeconds: 1
                periodSeconds: 5
                successThreshold: 1
                timeoutSeconds: 3
              resources:
                limits:
                  cpu: 250m
                  memory: 128Mi
                requests:
                  cpu: 25m
                  memory: 32Mi
              securityContext:
                allowPrivilegeEscalation: false
                capabilities:
                  drop:
                    - ALL
                privileged: false
                readOnlyRootFilesystem: true
                runAsNonRoot: true
              startupProbe:
                failureThreshold: 12
                httpGet:
                  path: /api/health
                  port: http
                initialDelaySeconds: 1
                periodSeconds: 5
                timeoutSeconds: 3
              volumeMounts:
                - mountPath: /tmp
                  name: tmp
                - mountPath: /etc/portfolio/config
                  name: config
                  readOnly: true
          enableServiceLinks: false
          securityContext:
            fsGroup: 1001
            fsGroupChangePolicy: OnRootMismatch
            runAsGroup: 1001
            runAsNonRoot: true
            runAsUser: 1001
            seccompProfile:
              type: RuntimeDefault
          serviceAccountName: RELEASE-NAME-portfolio
          terminationGracePeriodSeconds: 30
          volumes:
            - emptyDir: {}
              name: tmp
            - configMap:
                name: RELEASE-NAME-portfolio
              name: config
matches the committed Deployment snapshot with network policies and probes on:
  1: |
    apiVersion: v1
    data:
      config.toml: |
        [assets]
        dist_dir = "public"

        [csp]
        hash_inline_scripts = true

        [csp.cloudflare]
        script_nonce = true
        turnstile = false
        web_analytics = false

        [isr]
        cache_dir = "/tmp/isr"
        ttl_secs = 0
    kind: ConfigMap
    metadata:
      labels:
        app.kubernetes.io/instance: RELEASE-NAME
        app.kubernetes.io/managed-by: Helm
        app.kubernetes.io/name: portfolio
        app.kubernetes.io/version: 0.0.0
        helm.sh/chart: portfolio-0.0.0
      name: RELEASE-NAME-portfolio
      namespace: NAMESPACE
  2: |
    apiVersion: apps/v1
    kind: Deployment
    metadata:
      labels:
        app.kubernetes.io/instance: RELEASE-NAME
        app.kubernetes.io/managed-by: Helm
        app.kubernetes.io/name: portfolio
        app.kubernetes.io/version: 0.0.0
        helm.sh/chart: portfolio-0.0.0
      name: RELEASE-NAME-portfolio
      namespace: NAMESPACE
    spec:
      replicas: 1
      revisionHistoryLimit: 3
      selector:
        matchLabels:
          app.kubernetes.io/instance: RELEASE-NAME
          app.kubernetes.io/name: portfolio
      template:
        metadata:
          annotations:
            checksum/configmap: 968ae17c11854c685e53a10c9d2a4fc04ec39a69cde248e46feaa908b9ead7d2
          labels:
            app.kubernetes.io/instance: RELEASE-NAME
            app.kubernetes.io/managed-by: Helm
            app.kubernetes.io/name: portfolio
            app.kubernetes.io/version: 0.0.0
        spec:
          affinity:
            podAntiAffinity:
              preferredDuringSchedulingIgnoredDuringExecution:
                - podAffinityTerm:
                    labelSelector:
                      matchLabels:
                        app.kubernetes.io/instance: RELEASE-NAME
                        app.kubernetes.io/name: portfolio
                    topologyKey: kubernetes.io/hostname
                  weight: 100
          automountServiceAccountToken: false
          containers:
            - env:
                - name: PORT
                  value: "8080"
                - name: IP
                  value: 0.0.0.0
                - name: RUST_LOG
                  value: info
                - name: PORTFOLIO_CONFIG
                  value: /etc/portfolio/config
                - name: PORTFOLIO_ISR__CACHE_DIR
                  value: /tmp/isr
              image: timschoenle/portfolio:v0.0.0@sha256:0000000000000000000000000000000000000000000000000000000000000000
              imagePullPolicy: IfNotPresent
              livenessProbe:
                failureThreshold: 3
                httpGet:
                  path: /api/health
                  port: http
                initialDelaySeconds: 1
                periodSeconds: 10
                timeoutSeconds: 5
              name: portfolio
              ports:
                - containerPort: 8080
                  name: http
                  protocol: TCP
              readinessProbe:
                failureThreshold: 3
                httpGet:
                  path: /api/health
                  port: http
                initialDelaySeconds: 1
                periodSeconds: 5
                successThreshold: 1
                timeoutSeconds: 3
              resources:
                limits:
                  cpu: 250m
                  memory: 128Mi
                requests:
                  cpu: 25m
                  memory: 32Mi
              securityContext:
                allowPrivilegeEscalation: false
                capabilities:
                  drop:
                    - ALL
                privileged: false
                readOnlyRootFilesystem: true
                runAsNonRoot: true
              startupProbe:
                failureThreshold: 12
                httpGet:
                  path: /api/health
                  port: http
                initialDelaySeconds: 1
                periodSeconds: 5
                timeoutSeconds: 3
              volumeMounts:
                - mountPath: /tmp
                  name: tmp
                - mountPath: /etc/portfolio/config
                  name: config
                  readOnly: true
          enableServiceLinks: false
          nodeSelector:
            kubernetes.io/os: linux
          securityContext:
            fsGroup: 1001
            fsGroupChangePolicy: OnRootMismatch
            runAsGroup: 1001
            runAsNonRoot: true
            runAsUser: 1001
            seccompProfile:
              type: RuntimeDefault
          serviceAccountName: RELEASE-NAME-portfolio
          terminationGracePeriodSeconds: 30
          volumes:
            - emptyDir: {}
              name: tmp
            - configMap:
                name: RELEASE-NAME-portfolio
              name: config
