matches the committed Deployment snapshot:
  1: |
    apiVersion: v1
    data:
      config.toml: |
        [feed]
        check_interval_secs = 180

        [telemetry]
        log_level = "INFO"
    kind: ConfigMap
    metadata:
      labels:
        app.kubernetes.io/instance: RELEASE-NAME
        app.kubernetes.io/managed-by: Helm
        app.kubernetes.io/name: netcup-offer-bot
        app.kubernetes.io/version: 0.0.0
        helm.sh/chart: netcup-offer-bot-0.0.0
      name: RELEASE-NAME-netcup-offer-bot
      namespace: NAMESPACE
  2: |
    apiVersion: apps/v1
    kind: Deployment
    metadata:
      labels:
        app.kubernetes.io/instance: RELEASE-NAME
        app.kubernetes.io/managed-by: Helm
        app.kubernetes.io/name: netcup-offer-bot
        app.kubernetes.io/version: 0.0.0
        helm.sh/chart: netcup-offer-bot-0.0.0
      name: RELEASE-NAME-netcup-offer-bot
      namespace: NAMESPACE
    spec:
      replicas: 1
      revisionHistoryLimit: 3
      selector:
        matchLabels:
          app.kubernetes.io/instance: RELEASE-NAME
          app.kubernetes.io/name: netcup-offer-bot
      strategy:
        type: Recreate
      template:
        metadata:
          annotations:
            checksum/configmap: 58c12855c71b1cf19d46cc3832e82816fa7cfe2d44e3628e1982c2961462e998
            checksum/secret: 577aa58622be9fb6ea87495c17e4adfb9f66b67ff2ad792ea4a1f27446103956
          labels:
            app.kubernetes.io/instance: RELEASE-NAME
            app.kubernetes.io/managed-by: Helm
            app.kubernetes.io/name: netcup-offer-bot
            app.kubernetes.io/version: 0.0.0
        spec:
          automountServiceAccountToken: false
          containers:
            - env:
                - name: NETCUP_OFFER_BOT_CONFIG
                  value: /etc/netcup-offer-bot/config
                - name: NETCUP_OFFER_BOT_SECRETS_DIR
                  value: /etc/netcup-offer-bot/secrets
              image: timmi6790/netcup-offer-bot:v0.0.0@sha256:0000000000000000000000000000000000000000000000000000000000000000
              imagePullPolicy: IfNotPresent
              name: netcup-offer-bot
              resources:
                limits:
                  memory: 20Mi
                requests:
                  cpu: 10m
                  memory: 15Mi
              securityContext:
                allowPrivilegeEscalation: false
                capabilities:
                  drop:
                    - ALL
                privileged: false
                readOnlyRootFilesystem: true
                runAsNonRoot: true
              volumeMounts:
                - mountPath: /tmp
                  name: tmp
                - mountPath: /etc/netcup-offer-bot/config
                  name: config
                  readOnly: true
                - mountPath: /etc/netcup-offer-bot/secrets
                  name: secrets
                  readOnly: true
                - mountPath: /app/data
                  name: data
          securityContext:
            fsGroup: 1000
            fsGroupChangePolicy: OnRootMismatch
            runAsGroup: 1000
            runAsNonRoot: true
            runAsUser: 1000
            seccompProfile:
              type: RuntimeDefault
          serviceAccountName: RELEASE-NAME-netcup-offer-bot
          terminationGracePeriodSeconds: 30
          volumes:
            - emptyDir: {}
              name: tmp
            - configMap:
                name: RELEASE-NAME-netcup-offer-bot
              name: config
            - name: secrets
              projected:
                defaultMode: 256
                sources:
                  - secret:
                      items:
                        - key: discord__webhook_url
                          path: discord__webhook_url
                      name: RELEASE-NAME-netcup-offer-bot
                      optional: true
            - name: data
              persistentVolumeClaim:
                claimName: RELEASE-NAME-netcup-offer-bot
  3: |
    apiVersion: v1
    kind: Secret
    metadata:
      labels:
        app.kubernetes.io/instance: RELEASE-NAME
        app.kubernetes.io/managed-by: Helm
        app.kubernetes.io/name: netcup-offer-bot
        app.kubernetes.io/version: 0.0.0
        helm.sh/chart: netcup-offer-bot-0.0.0
      name: RELEASE-NAME-netcup-offer-bot
      namespace: NAMESPACE
    stringData:
      discord__webhook_url: https://example.invalid/hook
    type: Opaque
matches the committed Deployment snapshot with network policies and probes on:
  1: |
    apiVersion: v1
    data:
      config.toml: |
        [feed]
        check_interval_secs = 180

        [telemetry]
        log_level = "INFO"
    kind: ConfigMap
    metadata:
      labels:
        app.kubernetes.io/instance: RELEASE-NAME
        app.kubernetes.io/managed-by: Helm
        app.kubernetes.io/name: netcup-offer-bot
        app.kubernetes.io/version: 0.0.0
        helm.sh/chart: netcup-offer-bot-0.0.0
      name: RELEASE-NAME-netcup-offer-bot
      namespace: NAMESPACE
  2: |
    apiVersion: apps/v1
    kind: Deployment
    metadata:
      labels:
        app.kubernetes.io/instance: RELEASE-NAME
        app.kubernetes.io/managed-by: Helm
        app.kubernetes.io/name: netcup-offer-bot
        app.kubernetes.io/version: 0.0.0
        helm.sh/chart: netcup-offer-bot-0.0.0
      name: RELEASE-NAME-netcup-offer-bot
      namespace: NAMESPACE
    spec:
      replicas: 1
      revisionHistoryLimit: 3
      selector:
        matchLabels:
          app.kubernetes.io/instance: RELEASE-NAME
          app.kubernetes.io/name: netcup-offer-bot
      strategy:
        type: Recreate
      template:
        metadata:
          annotations:
            checksum/configmap: 58c12855c71b1cf19d46cc3832e82816fa7cfe2d44e3628e1982c2961462e998
            checksum/secret: 577aa58622be9fb6ea87495c17e4adfb9f66b67ff2ad792ea4a1f27446103956
          labels:
            app.kubernetes.io/instance: RELEASE-NAME
            app.kubernetes.io/managed-by: Helm
            app.kubernetes.io/name: netcup-offer-bot
            app.kubernetes.io/version: 0.0.0
        spec:
          affinity:
            podAntiAffinity:
              preferredDuringSchedulingIgnoredDuringExecution:
                - podAffinityTerm:
                    labelSelector:
                      matchLabels:
                        app.kubernetes.io/instance: RELEASE-NAME
                        app.kubernetes.io/name: netcup-offer-bot
                    topologyKey: kubernetes.io/hostname
                  weight: 100
          automountServiceAccountToken: false
          containers:
            - env:
                - name: NETCUP_OFFER_BOT_CONFIG
                  value: /etc/netcup-offer-bot/config
                - name: NETCUP_OFFER_BOT_SECRETS_DIR
                  value: /etc/netcup-offer-bot/secrets
              image: timmi6790/netcup-offer-bot:v0.0.0@sha256:0000000000000000000000000000000000000000000000000000000000000000
              imagePullPolicy: IfNotPresent
              name: netcup-offer-bot
              resources:
                limits:
                  memory: 20Mi
                requests:
                  cpu: 10m
                  memory: 15Mi
              securityContext:
                allowPrivilegeEscalation: false
                capabilities:
                  drop:
                    - ALL
                privileged: false
                readOnlyRootFilesystem: true
                runAsNonRoot: true
              volumeMounts:
                - mountPath: /tmp
                  name: tmp
                - mountPath: /etc/netcup-offer-bot/config
                  name: config
                  readOnly: true
                - mountPath: /etc/netcup-offer-bot/secrets
                  name: secrets
                  readOnly: true
                - mountPath: /app/data
                  name: data
          nodeSelector:
            kubernetes.io/os: linux
          securityContext:
            fsGroup: 1000
            fsGroupChangePolicy: OnRootMismatch
            runAsGroup: 1000
            runAsNonRoot: true
            runAsUser: 1000
            seccompProfile:
              type: RuntimeDefault
          serviceAccountName: RELEASE-NAME-netcup-offer-bot
          terminationGracePeriodSeconds: 30
          volumes:
            - emptyDir: {}
              name: tmp
            - configMap:
                name: RELEASE-NAME-netcup-offer-bot
              name: config
            - name: secrets
              projected:
                defaultMode: 256
                sources:
                  - secret:
                      items:
                        - key: discord__webhook_url
                          path: discord__webhook_url
                      name: RELEASE-NAME-netcup-offer-bot
                      optional: true
            - name: data
              persistentVolumeClaim:
                claimName: RELEASE-NAME-netcup-offer-bot
  3: |
    apiVersion: v1
    kind: Secret
    metadata:
      labels:
        app.kubernetes.io/instance: RELEASE-NAME
        app.kubernetes.io/managed-by: Helm
        app.kubernetes.io/name: netcup-offer-bot
        app.kubernetes.io/version: 0.0.0
        helm.sh/chart: netcup-offer-bot-0.0.0
      name: RELEASE-NAME-netcup-offer-bot
      namespace: NAMESPACE
    stringData:
      discord__webhook_url: https://example.invalid/hook
    type: Opaque
