matches the committed snapshot for a default install:
  1: |
    apiVersion: v1
    kind: PersistentVolumeClaim
    metadata:
      labels:
        app.kubernetes.io/instance: RELEASE-NAME
        app.kubernetes.io/managed-by: Helm
        app.kubernetes.io/name: teamspeak
        app.kubernetes.io/version: 0.0.0
        helm.sh/chart: teamspeak-0.0.0
      name: RELEASE-NAME-teamspeak
      namespace: NAMESPACE
    spec:
      accessModes:
        - ReadWriteOnce
      resources:
        requests:
          storage: 3Gi
  2: |
    apiVersion: v1
    data:
      TS3SERVER_DB_CLIENTKEEPDAYS: "30"
      TS3SERVER_DB_CONNECTIONS: "10"
      TS3SERVER_DB_PLUGIN: ts3db_sqlite3
      TS3SERVER_DB_SQLCREATEPATH: create_sqlite
      TS3SERVER_DEFAULT_VOICE_PORT: "9987"
      TS3SERVER_FILETRANSFER_PORT: "30033"
      TS3SERVER_HINTS_ENABLED: "1"
      TS3SERVER_LOG_APPEND: "0"
      TS3SERVER_LOG_QUERY_COMMANDS: "0"
      TS3SERVER_QUERY_PORT: "10011"
      TS3SERVER_QUERY_PROTOCOLS: raw
      TS3SERVER_QUERY_SKIPBRUTEFORCECHECK: "0"
      TS3SERVER_QUERY_SSH_PORT: "10022"
      TS3SERVER_QUERY_TIMEOUT: "300"
    kind: ConfigMap
    metadata:
      labels:
        app.kubernetes.io/instance: RELEASE-NAME
        app.kubernetes.io/managed-by: Helm
        app.kubernetes.io/name: teamspeak
        app.kubernetes.io/version: 0.0.0
        helm.sh/chart: teamspeak-0.0.0
      name: RELEASE-NAME-teamspeak
      namespace: NAMESPACE
  3: |
    apiVersion: apps/v1
    kind: Deployment
    metadata:
      labels:
        app.kubernetes.io/instance: RELEASE-NAME
        app.kubernetes.io/managed-by: Helm
        app.kubernetes.io/name: teamspeak
        app.kubernetes.io/version: 0.0.0
        helm.sh/chart: teamspeak-0.0.0
      name: RELEASE-NAME-teamspeak
      namespace: NAMESPACE
    spec:
      replicas: 1
      revisionHistoryLimit: 3
      selector:
        matchLabels:
          app.kubernetes.io/instance: RELEASE-NAME
          app.kubernetes.io/name: teamspeak
      strategy:
        type: Recreate
      template:
        metadata:
          annotations:
            checksum/configmap: ce1cb76fa5e31be545b9bc743118df77745571d3510cca2bbb28206d49e3cf2d
          labels:
            app.kubernetes.io/instance: RELEASE-NAME
            app.kubernetes.io/managed-by: Helm
            app.kubernetes.io/name: teamspeak
            app.kubernetes.io/version: 0.0.0
        spec:
          automountServiceAccountToken: false
          containers:
            - env:
                - name: TS3SERVER_LICENSE
                  value: accept
              envFrom:
                - configMapRef:
                    name: RELEASE-NAME-teamspeak
              image: teamspeak:v0.0.0@sha256:0000000000000000000000000000000000000000000000000000000000000000
              imagePullPolicy: IfNotPresent
              livenessProbe:
                failureThreshold: 5
                periodSeconds: 30
                tcpSocket:
                  port: filetransfer
                timeoutSeconds: 5
              name: teamspeak
              ports:
                - containerPort: 9987
                  name: voice
                  protocol: UDP
                - containerPort: 30033
                  name: filetransfer
                  protocol: TCP
                - containerPort: 10011
                  name: query
                  protocol: TCP
              readinessProbe:
                failureThreshold: 3
                periodSeconds: 10
                tcpSocket:
                  port: filetransfer
                timeoutSeconds: 3
              resources:
                limits:
                  memory: 512Mi
                requests:
                  cpu: 100m
                  memory: 128Mi
              securityContext:
                allowPrivilegeEscalation: false
                capabilities:
                  drop:
                    - ALL
                privileged: false
                readOnlyRootFilesystem: true
                runAsNonRoot: true
              startupProbe:
                failureThreshold: 36
                initialDelaySeconds: 5
                periodSeconds: 5
                tcpSocket:
                  port: filetransfer
                timeoutSeconds: 3
              volumeMounts:
                - mountPath: /tmp
                  name: tmp
                - mountPath: /var/ts3server
                  name: data
                - mountPath: /var/run/ts3server
                  name: run
          securityContext:
            fsGroup: 9987
            fsGroupChangePolicy: OnRootMismatch
            runAsGroup: 9987
            runAsNonRoot: true
            runAsUser: 9987
            seccompProfile:
              type: RuntimeDefault
          serviceAccountName: RELEASE-NAME-teamspeak
          terminationGracePeriodSeconds: 60
          volumes:
            - emptyDir: {}
              name: tmp
            - name: data
              persistentVolumeClaim:
                claimName: RELEASE-NAME-teamspeak
            - emptyDir:
                sizeLimit: 8Mi
              name: run
  4: |
    apiVersion: v1
    kind: Service
    metadata:
      labels:
        app.kubernetes.io/instance: RELEASE-NAME
        app.kubernetes.io/managed-by: Helm
        app.kubernetes.io/name: teamspeak
        app.kubernetes.io/version: 0.0.0
        helm.sh/chart: teamspeak-0.0.0
      name: RELEASE-NAME-teamspeak
      namespace: NAMESPACE
    spec:
      externalTrafficPolicy: Local
      ports:
        - name: voice
          port: 9987
          protocol: UDP
          targetPort: voice
        - name: filetransfer
          port: 30033
          protocol: TCP
          targetPort: filetransfer
      selector:
        app.kubernetes.io/instance: RELEASE-NAME
        app.kubernetes.io/name: teamspeak
      type: LoadBalancer
matches the committed snapshot for an external database and full Service exposure:
  1: |
    apiVersion: v1
    data:
      TS3SERVER_DB_CLIENTKEEPDAYS: "30"
      TS3SERVER_DB_CONNECTIONS: "10"
      TS3SERVER_DB_HOST: mariadb.data.svc
      TS3SERVER_DB_NAME: teamspeak
      TS3SERVER_DB_PLUGIN: ts3db_mariadb
      TS3SERVER_DB_PORT: "3306"
      TS3SERVER_DB_SQLCREATEPATH: create_mariadb
      TS3SERVER_DB_USER: teamspeak
      TS3SERVER_DB_WAITUNTILREADY: "30"
      TS3SERVER_DEFAULT_VOICE_PORT: "9987"
      TS3SERVER_FILETRANSFER_PORT: "30033"
      TS3SERVER_HINTS_ENABLED: "1"
      TS3SERVER_LOG_APPEND: "0"
      TS3SERVER_LOG_QUERY_COMMANDS: "0"
      TS3SERVER_QUERY_PORT: "10011"
      TS3SERVER_QUERY_PROTOCOLS: raw,ssh
      TS3SERVER_QUERY_SKIPBRUTEFORCECHECK: "0"
      TS3SERVER_QUERY_SSH_PORT: "10022"
      TS3SERVER_QUERY_TIMEOUT: "300"
    kind: ConfigMap
    metadata:
      labels:
        app.kubernetes.io/instance: RELEASE-NAME
        app.kubernetes.io/managed-by: Helm
        app.kubernetes.io/name: teamspeak
        app.kubernetes.io/version: 0.0.0
        helm.sh/chart: teamspeak-0.0.0
      name: RELEASE-NAME-teamspeak
      namespace: NAMESPACE
  2: |
    apiVersion: apps/v1
    kind: Deployment
    metadata:
      labels:
        app.kubernetes.io/instance: RELEASE-NAME
        app.kubernetes.io/managed-by: Helm
        app.kubernetes.io/name: teamspeak
        app.kubernetes.io/version: 0.0.0
        helm.sh/chart: teamspeak-0.0.0
      name: RELEASE-NAME-teamspeak
      namespace: NAMESPACE
    spec:
      replicas: 1
      revisionHistoryLimit: 3
      selector:
        matchLabels:
          app.kubernetes.io/instance: RELEASE-NAME
          app.kubernetes.io/name: teamspeak
      template:
        metadata:
          annotations:
            checksum/configmap: 02c0d0580cce7affe5db0bc62349fe4ae9fc281bffe92bad11a2766c2b830117
            checksum/secret: f079a083808a664f5be70d89e07481341083db20fb498f819128cf23b8a435f7
          labels:
            app.kubernetes.io/instance: RELEASE-NAME
            app.kubernetes.io/managed-by: Helm
            app.kubernetes.io/name: teamspeak
            app.kubernetes.io/version: 0.0.0
        spec:
          automountServiceAccountToken: false
          containers:
            - env:
                - name: TS3SERVER_LICENSE
                  value: accept
                - name: TS3SERVER_LICENSEPATH
                  value: /etc/ts3server/license/
                - name: TS3SERVER_DB_PASSWORD
                  valueFrom:
                    secretKeyRef:
                      key: database-password
                      name: RELEASE-NAME-teamspeak
              envFrom:
                - configMapRef:
                    name: RELEASE-NAME-teamspeak
              image: teamspeak:v0.0.0@sha256:0000000000000000000000000000000000000000000000000000000000000000
              imagePullPolicy: IfNotPresent
              livenessProbe:
                failureThreshold: 5
                periodSeconds: 30
                tcpSocket:
                  port: filetransfer
                timeoutSeconds: 5
              name: teamspeak
              ports:
                - containerPort: 9987
                  name: voice
                  protocol: UDP
                - containerPort: 30033
                  name: filetransfer
                  protocol: TCP
                - containerPort: 10011
                  name: query
                  protocol: TCP
                - containerPort: 10022
                  name: query-ssh
                  protocol: TCP
              readinessProbe:
                failureThreshold: 3
                periodSeconds: 10
                tcpSocket:
                  port: filetransfer
                timeoutSeconds: 3
              resources:
                limits:
                  memory: 512Mi
                requests:
                  cpu: 100m
                  memory: 128Mi
              securityContext:
                allowPrivilegeEscalation: false
                capabilities:
                  drop:
                    - ALL
                privileged: false
                readOnlyRootFilesystem: true
                runAsNonRoot: true
              startupProbe:
                failureThreshold: 36
                initialDelaySeconds: 5
                periodSeconds: 5
                tcpSocket:
                  port: filetransfer
                timeoutSeconds: 3
              volumeMounts:
                - mountPath: /tmp
                  name: tmp
                - mountPath: /var/ts3server
                  name: data
                - mountPath: /var/run/ts3server
                  name: run
                - mountPath: /etc/ts3server/license
                  name: license
                  readOnly: true
          securityContext:
            fsGroup: 9987
            fsGroupChangePolicy: OnRootMismatch
            runAsGroup: 9987
            runAsNonRoot: true
            runAsUser: 9987
            seccompProfile:
              type: RuntimeDefault
          serviceAccountName: RELEASE-NAME-teamspeak
          terminationGracePeriodSeconds: 60
          volumes:
            - emptyDir: {}
              name: tmp
            - emptyDir: {}
              name: data
            - emptyDir:
                sizeLimit: 8Mi
              name: run
            - name: license
              secret:
                defaultMode: 288
                items:
                  - key: licensekey.dat
                    path: licensekey.dat
                secretName: ts3-license
  3: |
    apiVersion: v1
    kind: Secret
    metadata:
      labels:
        app.kubernetes.io/instance: RELEASE-NAME
        app.kubernetes.io/managed-by: Helm
        app.kubernetes.io/name: teamspeak
        app.kubernetes.io/version: 0.0.0
        helm.sh/chart: teamspeak-0.0.0
      name: RELEASE-NAME-teamspeak
      namespace: NAMESPACE
    stringData:
      database-password: s3cret
    type: Opaque
  4: |
    apiVersion: v1
    kind: Service
    metadata:
      labels:
        app.kubernetes.io/instance: RELEASE-NAME
        app.kubernetes.io/managed-by: Helm
        app.kubernetes.io/name: teamspeak
        app.kubernetes.io/version: 0.0.0
        helm.sh/chart: teamspeak-0.0.0
      name: RELEASE-NAME-teamspeak
      namespace: NAMESPACE
    spec:
      externalTrafficPolicy: Local
      ports:
        - name: voice
          port: 9987
          protocol: UDP
          targetPort: voice
        - name: filetransfer
          port: 30033
          protocol: TCP
          targetPort: filetransfer
        - name: query
          port: 10011
          protocol: TCP
          targetPort: query
        - name: query-ssh
          port: 10022
          protocol: TCP
          targetPort: query-ssh
      selector:
        app.kubernetes.io/instance: RELEASE-NAME
        app.kubernetes.io/name: teamspeak
      type: LoadBalancer
matches the committed snapshot with observability and network policies on:
  1: |
    apiVersion: v1
    kind: PersistentVolumeClaim
    metadata:
      labels:
        app.kubernetes.io/instance: RELEASE-NAME
        app.kubernetes.io/managed-by: Helm
        app.kubernetes.io/name: teamspeak
        app.kubernetes.io/version: 0.0.0
        helm.sh/chart: teamspeak-0.0.0
      name: RELEASE-NAME-teamspeak
      namespace: NAMESPACE
    spec:
      accessModes:
        - ReadWriteOnce
      resources:
        requests:
          storage: 3Gi
  2: |
    apiVersion: v1
    data:
      TS3SERVER_DB_CLIENTKEEPDAYS: "30"
      TS3SERVER_DB_CONNECTIONS: "10"
      TS3SERVER_DB_PLUGIN: ts3db_sqlite3
      TS3SERVER_DB_SQLCREATEPATH: create_sqlite
      TS3SERVER_DEFAULT_VOICE_PORT: "9987"
      TS3SERVER_FILETRANSFER_PORT: "30033"
      TS3SERVER_HINTS_ENABLED: "1"
      TS3SERVER_LOG_APPEND: "0"
      TS3SERVER_LOG_QUERY_COMMANDS: "0"
      TS3SERVER_QUERY_PORT: "10011"
      TS3SERVER_QUERY_PROTOCOLS: raw
      TS3SERVER_QUERY_SKIPBRUTEFORCECHECK: "0"
      TS3SERVER_QUERY_SSH_PORT: "10022"
      TS3SERVER_QUERY_TIMEOUT: "300"
    kind: ConfigMap
    metadata:
      labels:
        app.kubernetes.io/instance: RELEASE-NAME
        app.kubernetes.io/managed-by: Helm
        app.kubernetes.io/name: teamspeak
        app.kubernetes.io/version: 0.0.0
        helm.sh/chart: teamspeak-0.0.0
      name: RELEASE-NAME-teamspeak
      namespace: NAMESPACE
  3: |
    apiVersion: apps/v1
    kind: Deployment
    metadata:
      labels:
        app.kubernetes.io/instance: RELEASE-NAME
        app.kubernetes.io/managed-by: Helm
        app.kubernetes.io/name: teamspeak
        app.kubernetes.io/version: 0.0.0
        helm.sh/chart: teamspeak-0.0.0
      name: RELEASE-NAME-teamspeak
      namespace: NAMESPACE
    spec:
      replicas: 1
      revisionHistoryLimit: 3
      selector:
        matchLabels:
          app.kubernetes.io/instance: RELEASE-NAME
          app.kubernetes.io/name: teamspeak
      strategy:
        type: Recreate
      template:
        metadata:
          annotations:
            checksum/configmap: ce1cb76fa5e31be545b9bc743118df77745571d3510cca2bbb28206d49e3cf2d
            checksum/secret: 110763332b6932640b2435461b2e99a23f629185270c41ffc52342369d9069f6
          labels:
            app.kubernetes.io/instance: RELEASE-NAME
            app.kubernetes.io/managed-by: Helm
            app.kubernetes.io/name: teamspeak
            app.kubernetes.io/version: 0.0.0
        spec:
          affinity:
            podAntiAffinity:
              preferredDuringSchedulingIgnoredDuringExecution:
                - podAffinityTerm:
                    labelSelector:
                      matchLabels:
                        app.kubernetes.io/instance: RELEASE-NAME
                        app.kubernetes.io/name: teamspeak
                    topologyKey: kubernetes.io/hostname
                  weight: 100
          automountServiceAccountToken: false
          containers:
            - env:
                - name: TS3SERVER_LICENSE
                  value: accept
                - name: TS3SERVER_SERVERADMIN_PASSWORD
                  valueFrom:
                    secretKeyRef:
                      key: serveradmin-password
                      name: RELEASE-NAME-teamspeak
              envFrom:
                - configMapRef:
                    name: RELEASE-NAME-teamspeak
              image: teamspeak:v0.0.0@sha256:0000000000000000000000000000000000000000000000000000000000000000
              imagePullPolicy: IfNotPresent
              livenessProbe:
                failureThreshold: 5
                periodSeconds: 30
                tcpSocket:
                  port: filetransfer
                timeoutSeconds: 5
              name: teamspeak
              ports:
                - containerPort: 9987
                  name: voice
                  protocol: UDP
                - containerPort: 30033
                  name: filetransfer
                  protocol: TCP
                - containerPort: 10011
                  name: query
                  protocol: TCP
              readinessProbe:
                failureThreshold: 3
                periodSeconds: 10
                tcpSocket:
                  port: filetransfer
                timeoutSeconds: 3
              resources:
                limits:
                  memory: 512Mi
                requests:
                  cpu: 100m
                  memory: 128Mi
              securityContext:
                allowPrivilegeEscalation: false
                capabilities:
                  drop:
                    - ALL
                privileged: false
                readOnlyRootFilesystem: true
                runAsNonRoot: true
              startupProbe:
                failureThreshold: 36
                initialDelaySeconds: 5
                periodSeconds: 5
                tcpSocket:
                  port: filetransfer
                timeoutSeconds: 3
              volumeMounts:
                - mountPath: /tmp
                  name: tmp
                - mountPath: /var/ts3server
                  name: data
                - mountPath: /var/run/ts3server
                  name: run
            - args:
                - -listen=:9189
                - -remote=127.0.0.1:10011
                - -user=serveradmin
                - -enablechannelmetrics=false
                - -ignorefloodlimits=true
              env:
                - name: SERVERQUERY_PASSWORD
                  valueFrom:
                    secretKeyRef:
                      key: serveradmin-password
                      name: RELEASE-NAME-teamspeak
              image: ricardbejarano/ts3exporter:v0.0.0@sha256:1111111111111111111111111111111111111111111111111111111111111111
              imagePullPolicy: IfNotPresent
              livenessProbe:
                failureThreshold: 5
                periodSeconds: 30
                tcpSocket:
                  port: metrics
                timeoutSeconds: 5
              name: metrics
              ports:
                - containerPort: 9189
                  name: metrics
                  protocol: TCP
              readinessProbe:
                failureThreshold: 3
                periodSeconds: 15
                tcpSocket:
                  port: metrics
                timeoutSeconds: 5
              resources:
                limits:
                  memory: 64Mi
                requests:
                  cpu: 10m
                  memory: 24Mi
              securityContext:
                allowPrivilegeEscalation: false
                capabilities:
                  drop:
                    - ALL
                privileged: false
                readOnlyRootFilesystem: true
                runAsNonRoot: true
          nodeSelector:
            kubernetes.io/os: linux
          securityContext:
            fsGroup: 9987
            fsGroupChangePolicy: OnRootMismatch
            runAsGroup: 9987
            runAsNonRoot: true
            runAsUser: 9987
            seccompProfile:
              type: RuntimeDefault
          serviceAccountName: RELEASE-NAME-teamspeak
          terminationGracePeriodSeconds: 60
          volumes:
            - emptyDir: {}
              name: tmp
            - name: data
              persistentVolumeClaim:
                claimName: RELEASE-NAME-teamspeak
            - emptyDir:
                sizeLimit: 8Mi
              name: run
  4: |
    apiVersion: networking.k8s.io/v1
    kind: NetworkPolicy
    metadata:
      labels:
        app.kubernetes.io/instance: RELEASE-NAME
        app.kubernetes.io/managed-by: Helm
        app.kubernetes.io/name: teamspeak
        app.kubernetes.io/version: 0.0.0
        helm.sh/chart: teamspeak-0.0.0
      name: RELEASE-NAME-teamspeak-ingress
      namespace: NAMESPACE
    spec:
      ingress:
        - from:
            - ipBlock:
                cidr: 0.0.0.0/0
          ports:
            - port: 9987
              protocol: UDP
            - port: 30033
              protocol: TCP
        - from:
            - ipBlock:
                cidr: 10.42.0.0/16
          ports:
            - port: 10011
              protocol: TCP
        - from:
            - namespaceSelector:
                matchLabels:
                  kubernetes.io/metadata.name: monitoring
          ports:
            - port: 9189
              protocol: TCP
      podSelector:
        matchLabels:
          app.kubernetes.io/instance: RELEASE-NAME
          app.kubernetes.io/name: teamspeak
      policyTypes:
        - Ingress
  5: |
    apiVersion: networking.k8s.io/v1
    kind: NetworkPolicy
    metadata:
      labels:
        app.kubernetes.io/instance: RELEASE-NAME
        app.kubernetes.io/managed-by: Helm
        app.kubernetes.io/name: teamspeak
        app.kubernetes.io/version: 0.0.0
        helm.sh/chart: teamspeak-0.0.0
      name: RELEASE-NAME-teamspeak-egress
      namespace: NAMESPACE
    spec:
      egress:
        - ports:
            - port: 53
              protocol: UDP
            - port: 53
              protocol: TCP
          to:
            - namespaceSelector:
                matchLabels:
                  kubernetes.io/metadata.name: kube-system
              podSelector:
                matchLabels:
                  k8s-app: kube-dns
        - ports:
            - port: 2008
              protocol: TCP
          to:
            - ipBlock:
                cidr: 0.0.0.0/0
                except:
                  - 10.0.0.0/8
                  - 172.16.0.0/12
                  - 192.168.0.0/16
                  - 169.254.0.0/16
        - ports:
            - port: 2010
              protocol: UDP
          to:
            - ipBlock:
                cidr: 0.0.0.0/0
                except:
                  - 10.0.0.0/8
                  - 172.16.0.0/12
                  - 192.168.0.0/16
                  - 169.254.0.0/16
      podSelector:
        matchLabels:
          app.kubernetes.io/instance: RELEASE-NAME
          app.kubernetes.io/name: teamspeak
      policyTypes:
        - Egress
  6: |
    apiVersion: monitoring.coreos.com/v1
    kind: PodMonitor
    metadata:
      labels:
        app.kubernetes.io/instance: RELEASE-NAME
        app.kubernetes.io/managed-by: Helm
        app.kubernetes.io/name: teamspeak
        app.kubernetes.io/version: 0.0.0
        helm.sh/chart: teamspeak-0.0.0
      name: RELEASE-NAME-teamspeak
      namespace: NAMESPACE
    spec:
      podMetricsEndpoints:
        - interval: 1m
          path: /metrics
          port: metrics
          scrapeTimeout: 30s
      selector:
        matchLabels:
          app.kubernetes.io/instance: RELEASE-NAME
          app.kubernetes.io/name: teamspeak
  7: |
    apiVersion: monitoring.coreos.com/v1
    kind: PrometheusRule
    metadata:
      labels:
        app.kubernetes.io/instance: RELEASE-NAME
        app.kubernetes.io/managed-by: Helm
        app.kubernetes.io/name: teamspeak
        app.kubernetes.io/version: 0.0.0
        helm.sh/chart: teamspeak-0.0.0
      name: RELEASE-NAME-teamspeak
      namespace: NAMESPACE
    spec:
      groups:
        - interval: 30s
          name: teamspeak-recording
          rules:
            - expr: |-
                sum by (namespace, virtualserver) (
                  ts3_serverinfo_clients_online{namespace="NAMESPACE", pod=~"RELEASE-NAME-teamspeak-.*"})
                  / sum by (namespace, virtualserver) (
                      ts3_serverinfo_max_clients{namespace="NAMESPACE", pod=~"RELEASE-NAME-teamspeak-.*"})
              record: namespace_virtualserver:ts3_slots_used:ratio
            - expr: |-
                sum by (namespace, pod) (
                  increase(ts3_client_commands_failed_total{namespace="NAMESPACE", pod=~"RELEASE-NAME-teamspeak-.*"}[15m]))
              record: namespace_pod:ts3_client_commands_failed:increase15m
        - name: teamspeak-availability
          rules:
            - alert: TeamSpeakExporterDown
              annotations:
                description: 'Prometheus cannot scrape the ts3exporter sidecar in {{ $labels.namespace }}/{{ $labels.pod }}. Either the pod is gone, the sidecar is crash-looping, or a NetworkPolicy is blocking the scrape: `kubectl -n {{ $labels.namespace }} logs {{ $labels.pod }} -c metrics --tail=50` says which. Every other alert in this file is blind until it recovers, so treat a silent dashboard during this window as unknown rather than healthy.'
                summary: TeamSpeak metrics exporter is unreachable
              expr: up{namespace="NAMESPACE", pod=~"RELEASE-NAME-teamspeak-.*", container="metrics"} == 0
              for: 10m
              labels:
                severity: critical
            - alert: TeamSpeakServerOffline
              annotations:
                description: The virtual server answers ServerQuery and reports itself offline. The usual causes are an expired or unreachable licence — the server needs outbound TCP 2008 to accounting.teamspeak.com and stops serving without it — or a virtual server an admin stopped. `kubectl -n {{ $labels.namespace }} logs {{ $labels.pod }} --tail=100` carries the licence error verbatim when it is that.
                summary: TeamSpeak virtual server {{ $labels.virtualserver }} is offline
              expr: ts3_serverinfo_online{namespace="NAMESPACE", pod=~"RELEASE-NAME-teamspeak-.*"} == 0
              for: 5m
              labels:
                severity: critical
            - alert: TeamSpeakServerRestarted
              annotations:
                description: Uptime is under five minutes, so the server came back within the last few minutes. With `persistence.enabled` it came back as itself. Without it, it came back as a brand new server — new unique ID, new admin token, no channels and no permissions — and every client will refuse to reconnect on the changed identity. Check `kubectl -n {{ $labels.namespace }} logs {{ $labels.pod }} --tail=200` for the new token if that is what happened.
                summary: TeamSpeak virtual server {{ $labels.virtualserver }} restarted
              expr: ts3_serverinfo_uptime{namespace="NAMESPACE", pod=~"RELEASE-NAME-teamspeak-.*"} < 300
              for: 0m
              labels:
                severity: info
            - alert: TeamSpeakQueryCommandFailures
              annotations:
                description: The exporter's ServerQuery commands are being rejected, so the metrics on the dashboard are stale or partial while this holds — including the ones the other alerts here read. Usually the admin password no longer matches the one in the Secret, or the exporter's source address dropped out of `query_ip_allowlist.txt` and is now being flood-limited; `metrics.ignoreFloodLimits` covers the second. `kubectl -n {{ $labels.namespace }} logs {{ $labels.pod }} -c metrics --tail=50` names which.
                summary: TeamSpeak ServerQuery commands are failing
              expr: namespace_pod:ts3_client_commands_failed:increase15m{namespace="NAMESPACE", pod=~"RELEASE-NAME-teamspeak-.*"} > 3
              for: 15m
              labels:
                severity: warning
        - name: teamspeak-capacity
          rules:
            - alert: TeamSpeakSlotsNearlyFull
              annotations:
                description: 'Most of the slot limit is in use, and clients are turned away outright once it is reached rather than queued. Raise `virtualServer.maxClients` if the licence has room, or raise the licence. The dashboard''s "Clients" panel separates voice clients from query clients, which matters here: a query client from a monitoring integration occupies no slot but does show up in the client count.'
                summary: TeamSpeak virtual server {{ $labels.virtualserver }} is nearly full
              expr: namespace_virtualserver:ts3_slots_used:ratio{namespace="NAMESPACE", pod=~"RELEASE-NAME-teamspeak-.*"} > 0.9
              for: 15m
              labels:
                severity: warning
  8: |
    apiVersion: v1
    kind: Secret
    metadata:
      labels:
        app.kubernetes.io/instance: RELEASE-NAME
        app.kubernetes.io/managed-by: Helm
        app.kubernetes.io/name: teamspeak
        app.kubernetes.io/version: 0.0.0
        helm.sh/chart: teamspeak-0.0.0
      name: RELEASE-NAME-teamspeak
      namespace: NAMESPACE
    stringData:
      serveradmin-password: hunter2
    type: Opaque
  9: |
    apiVersion: v1
    kind: Service
    metadata:
      labels:
        app.kubernetes.io/instance: RELEASE-NAME
        app.kubernetes.io/managed-by: Helm
        app.kubernetes.io/name: teamspeak
        app.kubernetes.io/version: 0.0.0
        helm.sh/chart: teamspeak-0.0.0
      name: RELEASE-NAME-teamspeak
      namespace: NAMESPACE
    spec:
      externalTrafficPolicy: Local
      ports:
        - name: voice
          port: 9987
          protocol: UDP
          targetPort: voice
        - name: filetransfer
          port: 30033
          protocol: TCP
          targetPort: filetransfer
      selector:
        app.kubernetes.io/instance: RELEASE-NAME
        app.kubernetes.io/name: teamspeak
      type: LoadBalancer
