matches the committed Deployment snapshot:
  1: |
    apiVersion: v1
    data:
      config.toml: |
        [server]
        bind_addr = "0.0.0.0:8080"
        data_dir = "/dist/data"
        dist_dir = "/dist"

        [server.csp]
        enabled = true

        [server.csp.cloudflare]
        script_nonce = false
        turnstile = false
        web_analytics = false

        [telemetry]
        json_logs = false
        log_filter = "info"
    kind: ConfigMap
    metadata:
      labels:
        app.kubernetes.io/instance: RELEASE-NAME
        app.kubernetes.io/managed-by: Helm
        app.kubernetes.io/name: mp-stats-legacy-viewer
        app.kubernetes.io/version: 0.0.0
        helm.sh/chart: mp-stats-legacy-viewer-0.0.0
      name: RELEASE-NAME-mp-stats-legacy-viewer
      namespace: NAMESPACE
  2: |
    apiVersion: apps/v1
    kind: Deployment
    metadata:
      labels:
        app.kubernetes.io/instance: RELEASE-NAME
        app.kubernetes.io/managed-by: Helm
        app.kubernetes.io/name: mp-stats-legacy-viewer
        app.kubernetes.io/version: 0.0.0
        helm.sh/chart: mp-stats-legacy-viewer-0.0.0
      name: RELEASE-NAME-mp-stats-legacy-viewer
      namespace: NAMESPACE
    spec:
      replicas: 1
      revisionHistoryLimit: 3
      selector:
        matchLabels:
          app.kubernetes.io/instance: RELEASE-NAME
          app.kubernetes.io/name: mp-stats-legacy-viewer
      template:
        metadata:
          annotations:
            checksum/configmap: 4c6f489007931ced9fe5eff2dde39c91d5b89bc47939854fc25b313ea6ea7af5
          labels:
            app.kubernetes.io/instance: RELEASE-NAME
            app.kubernetes.io/managed-by: Helm
            app.kubernetes.io/name: mp-stats-legacy-viewer
            app.kubernetes.io/version: 0.0.0
        spec:
          automountServiceAccountToken: false
          containers:
            - env:
                - name: MP_STATS_CONFIG
                  value: /etc/mp-stats/config
              image: timschoenle/mp-stats-legacy-viewer:v0.0.0@sha256:0000000000000000000000000000000000000000000000000000000000000000
              imagePullPolicy: IfNotPresent
              livenessProbe:
                failureThreshold: 3
                httpGet:
                  path: /health/live
                  port: http
                initialDelaySeconds: 1
                periodSeconds: 10
                timeoutSeconds: 5
              name: mp-stats-legacy-viewer
              ports:
                - containerPort: 8080
                  name: http
                  protocol: TCP
              readinessProbe:
                failureThreshold: 3
                httpGet:
                  path: /health/ready
                  port: http
                initialDelaySeconds: 1
                periodSeconds: 5
                successThreshold: 1
                timeoutSeconds: 3
              resources:
                limits:
                  memory: 100Mi
                requests:
                  cpu: 25m
                  memory: 100Mi
              securityContext:
                allowPrivilegeEscalation: false
                capabilities:
                  drop:
                    - ALL
                privileged: false
                readOnlyRootFilesystem: true
                runAsNonRoot: true
              startupProbe:
                failureThreshold: 12
                httpGet:
                  path: /health/startup
                  port: http
                initialDelaySeconds: 1
                periodSeconds: 5
                timeoutSeconds: 3
              volumeMounts:
                - mountPath: /tmp
                  name: tmp
                - mountPath: /etc/mp-stats/config
                  name: config
                  readOnly: true
          enableServiceLinks: false
          securityContext:
            fsGroup: 1000
            fsGroupChangePolicy: OnRootMismatch
            runAsGroup: 1000
            runAsNonRoot: true
            runAsUser: 1000
            seccompProfile:
              type: RuntimeDefault
          serviceAccountName: RELEASE-NAME-mp-stats-legacy-viewer
          terminationGracePeriodSeconds: 30
          volumes:
            - emptyDir: {}
              name: tmp
            - configMap:
                name: RELEASE-NAME-mp-stats-legacy-viewer
              name: config
matches the committed Deployment snapshot with network policies and probes on:
  1: |
    apiVersion: v1
    data:
      config.toml: |
        [server]
        bind_addr = "0.0.0.0:8080"
        data_dir = "/dist/data"
        dist_dir = "/dist"

        [server.csp]
        enabled = true

        [server.csp.cloudflare]
        script_nonce = false
        turnstile = false
        web_analytics = false

        [telemetry]
        json_logs = false
        log_filter = "info"
    kind: ConfigMap
    metadata:
      labels:
        app.kubernetes.io/instance: RELEASE-NAME
        app.kubernetes.io/managed-by: Helm
        app.kubernetes.io/name: mp-stats-legacy-viewer
        app.kubernetes.io/version: 0.0.0
        helm.sh/chart: mp-stats-legacy-viewer-0.0.0
      name: RELEASE-NAME-mp-stats-legacy-viewer
      namespace: NAMESPACE
  2: |
    apiVersion: apps/v1
    kind: Deployment
    metadata:
      labels:
        app.kubernetes.io/instance: RELEASE-NAME
        app.kubernetes.io/managed-by: Helm
        app.kubernetes.io/name: mp-stats-legacy-viewer
        app.kubernetes.io/version: 0.0.0
        helm.sh/chart: mp-stats-legacy-viewer-0.0.0
      name: RELEASE-NAME-mp-stats-legacy-viewer
      namespace: NAMESPACE
    spec:
      replicas: 1
      revisionHistoryLimit: 3
      selector:
        matchLabels:
          app.kubernetes.io/instance: RELEASE-NAME
          app.kubernetes.io/name: mp-stats-legacy-viewer
      template:
        metadata:
          annotations:
            checksum/configmap: 4c6f489007931ced9fe5eff2dde39c91d5b89bc47939854fc25b313ea6ea7af5
          labels:
            app.kubernetes.io/instance: RELEASE-NAME
            app.kubernetes.io/managed-by: Helm
            app.kubernetes.io/name: mp-stats-legacy-viewer
            app.kubernetes.io/version: 0.0.0
        spec:
          affinity:
            podAntiAffinity:
              preferredDuringSchedulingIgnoredDuringExecution:
                - podAffinityTerm:
                    labelSelector:
                      matchLabels:
                        app.kubernetes.io/instance: RELEASE-NAME
                        app.kubernetes.io/name: mp-stats-legacy-viewer
                    topologyKey: kubernetes.io/hostname
                  weight: 100
          automountServiceAccountToken: false
          containers:
            - env:
                - name: MP_STATS_CONFIG
                  value: /etc/mp-stats/config
              image: timschoenle/mp-stats-legacy-viewer:v0.0.0@sha256:0000000000000000000000000000000000000000000000000000000000000000
              imagePullPolicy: IfNotPresent
              livenessProbe:
                failureThreshold: 3
                httpGet:
                  path: /health/live
                  port: http
                initialDelaySeconds: 1
                periodSeconds: 10
                timeoutSeconds: 5
              name: mp-stats-legacy-viewer
              ports:
                - containerPort: 8080
                  name: http
                  protocol: TCP
              readinessProbe:
                failureThreshold: 3
                httpGet:
                  path: /health/ready
                  port: http
                initialDelaySeconds: 1
                periodSeconds: 5
                successThreshold: 1
                timeoutSeconds: 3
              resources:
                limits:
                  memory: 100Mi
                requests:
                  cpu: 25m
                  memory: 100Mi
              securityContext:
                allowPrivilegeEscalation: false
                capabilities:
                  drop:
                    - ALL
                privileged: false
                readOnlyRootFilesystem: true
                runAsNonRoot: true
              startupProbe:
                failureThreshold: 12
                httpGet:
                  path: /health/startup
                  port: http
                initialDelaySeconds: 1
                periodSeconds: 5
                timeoutSeconds: 3
              volumeMounts:
                - mountPath: /tmp
                  name: tmp
                - mountPath: /etc/mp-stats/config
                  name: config
                  readOnly: true
          enableServiceLinks: false
          nodeSelector:
            kubernetes.io/os: linux
          securityContext:
            fsGroup: 1000
            fsGroupChangePolicy: OnRootMismatch
            runAsGroup: 1000
            runAsNonRoot: true
            runAsUser: 1000
            seccompProfile:
              type: RuntimeDefault
          serviceAccountName: RELEASE-NAME-mp-stats-legacy-viewer
          terminationGracePeriodSeconds: 30
          volumes:
            - emptyDir: {}
              name: tmp
            - configMap:
                name: RELEASE-NAME-mp-stats-legacy-viewer
              name: config
